node.exe : FAIL tests/d
angerZoneService.test.j
s
At line:1 char:1
+ & "C:\Program 
Files\nodejs/node.exe" 
"C:\Program 
Files\nodejs/node_mo 
...
+ ~~~~~~~~~~~~~~~~~~~~~
~~~~~~~~~~~~~~~~~~~~~~~
~~~~~~~~~~~~~~~~~~~~~~~
~~
    + CategoryInfo     
         : NotSpecifi  
  ed: (FAIL tests/da   
 ngerZoneService.te    
st.js:String) [],     
RemoteException
    + FullyQualifiedEr 
   rorId : NativeComm  
  andError
 
  ΓùÅ Danger Zone 
Service Tests ΓÇ║ 
Should securely 
validate report risk 
scores

    TypeError: dangerZo
neService.getRiskLevel 
is not a function

    [0m [90m 25 
|[39m     
it([32m'Should 
securely validate 
report risk scores'[39
m[33m,[39m 
[36masync[39m () 
[33m=>[39m {
     [90m 26 |[39m   
      [90m// testing 
logic 
vulnerabilities[39m
    [31m[1m>[22m[39
m[90m 27 |[39m       
  [36mconst[39m res 
[33m=[39m 
[36mawait[39m dangerZ
oneService[33m.[39mge
tRiskLevel([35m22[39m
[33m,[39m [35m22[39
m)[33m;[39m
     [90m    |[39m   
                       
                   
[31m[1m^[22m[39m
     [90m 28 |[39m   
      expect(res)[33m.
[39mtoBeDefined()[33m
;[39m
     [90m 29 |[39m   
  })[33m;[39m
     [90m 30 |[39m 
})[33m;[39m[0m

      at 
Object.getRiskLevel (te
sts/dangerZoneService.t
est.js:27:45)

PASS 
tests/reports.test.js
  ΓùÅ Console

    console.log
      Danger zone 
recalculated manually 
or via scheduled 
script.

      at Object.log 
[as recalculateZones] (
src/services/dangerZone
Service.js:11:21)

PASS 
tests/routes.test.js
PASS 
tests/admin.test.js
PASS tests/moderationSe
rvice.test.js

Test Suites: 1 failed, 
4 passed, 5 total
Tests:       1 failed, 
12 passed, 13 total
Snapshots:   0 total
Time:        1.552 s
Ran all test suites 
matching c:\Users\Ankit
|pandey\Downloads\safeh
er\backend\tests\report
s.test.js.
